Main Memory Contents:

0		: 120
1		: 110
2		: 100
3		: 90
4		: 80
5		: 70
6		: 60
7		: 50
