Main Memory Contents:

0		: 3
1		: 0
2		: 4
3		: 0
4		: 4
5		: 0
6		: 2
7		: 0
8		: 3
9		: 0
10		: 4
