65530		: -5
65531		: -2
65532		: 1
65533		: 4
65534		: 7
65535		: 10
