65531		: 80
65532		: 85
65533		: 90
65534		: 95
65535		: 100
